{
  "passed": true,
  "browser": "152.0.7977.77",
  "render": {
    "all": {
      "rms": 0.021535255426009852,
      "stereoRms": 0.008992525132735615,
      "peak": 0.22421270608901978,
      "nonFinite": 0
    },
    "title": {
      "rms": 0.0183222755725078,
      "stereoRms": 0.011641520674037084,
      "peak": 0.16596005856990814,
      "nonFinite": 0
    },
    "playing": {
      "rms": 0.018951804284744998,
      "stereoRms": 0.01015368714386915,
      "peak": 0.17837144434452057,
      "nonFinite": 0
    },
    "boss": {
      "rms": 0.03064982518174384,
      "stereoRms": 0.009170737583316105,
      "peak": 0.20344625413417816,
      "nonFinite": 0
    },
    "muted": {
      "rms": 0,
      "stereoRms": 0,
      "peak": 0,
      "nonFinite": 0
    },
    "effectWhileMuted": {
      "rms": 0.0346198500300012,
      "stereoRms": 0,
      "peak": 0.22421270608901978,
      "nonFinite": 0
    },
    "paused": {
      "rms": 0,
      "stereoRms": 0,
      "peak": 0,
      "nonFinite": 0
    },
    "resumed": {
      "rms": 0.03872251986770911,
      "stereoRms": 0.010576775790279155,
      "peak": 0.20040473341941833,
      "nonFinite": 0
    },
    "arrangements": [
      "title",
      "playing",
      "boss"
    ],
    "sourcesCreated": 243,
    "sourcesEnded": 243,
    "remainingMusicSources": 0
  },
  "cueCoverage": {
    "declaredKinds": 42,
    "policyKinds": 42,
    "cases": [
      {
        "label": "start",
        "audible": false,
        "rms": 0,
        "peak": 0,
        "nonFinite": 0,
        "created": 0,
        "ended": 0,
        "relayFrequency": 0
      },
      {
        "label": "wave",
        "audible": true,
        "rms": 0.019767062632181434,
        "peak": 0.1924675852060318,
        "nonFinite": 0,
        "created": 4,
        "ended": 4,
        "relayFrequency": 166.66666666666669
      },
      {
        "label": "transition",
        "audible": true,
        "rms": 0.006629754789373215,
        "peak": 0.09466110914945602,
        "nonFinite": 0,
        "created": 2,
        "ended": 2,
        "relayFrequency": 305.5555555555556
      },
      {
        "label": "core",
        "audible": true,
        "rms": 0.006769319047701454,
        "peak": 0.0898967981338501,
        "nonFinite": 0,
        "created": 2,
        "ended": 2,
        "relayFrequency": 944.4444444444446
      },
      {
        "label": "pickup",
        "audible": true,
        "rms": 0.013762428290191581,
        "peak": 0.18793229758739471,
        "nonFinite": 0,
        "created": 3,
        "ended": 3,
        "relayFrequency": 305.5555555555556
      },
      {
        "label": "boost-empty",
        "audible": true,
        "rms": 0.002348043454301272,
        "peak": 0.03886973485350609,
        "nonFinite": 0,
        "created": 1,
        "ended": 1,
        "relayFrequency": 388.8888888888889
      },
      {
        "label": "select",
        "audible": true,
        "rms": 0.0013849389638137131,
        "peak": 0.04470386728644371,
        "nonFinite": 0,
        "created": 1,
        "ended": 1,
        "relayFrequency": 666.6666666666667
      },
      {
        "label": "empty",
        "audible": true,
        "rms": 0.0025858597505501206,
        "peak": 0.060440242290496826,
        "nonFinite": 0,
        "created": 2,
        "ended": 2,
        "relayFrequency": 194.44444444444446
      },
      {
        "label": "emp",
        "audible": true,
        "rms": 0.01728217697213864,
        "peak": 0.22851602733135223,
        "nonFinite": 0,
        "created": 2,
        "ended": 2,
        "relayFrequency": 7805.555555555557
      },
      {
        "label": "decoy",
        "audible": true,
        "rms": 0.009551332000690884,
        "peak": 0.09902606904506683,
        "nonFinite": 0,
        "created": 2,
        "ended": 2,
        "relayFrequency": 638.8888888888889
      },
      {
        "label": "decoy-hit",
        "audible": true,
        "rms": 0.0035820362585681923,
        "peak": 0.06958083063364029,
        "nonFinite": 0,
        "created": 2,
        "ended": 2,
        "relayFrequency": 5277.777777777778
      },
      {
        "label": "mine-arm",
        "audible": true,
        "rms": 0.00110018704441368,
        "peak": 0.02770392596721649,
        "nonFinite": 0,
        "created": 1,
        "ended": 1,
        "relayFrequency": 1611.1111111111113
      },
      {
        "label": "gate-warning",
        "audible": true,
        "rms": 0.0027867060061180565,
        "peak": 0.07260200381278992,
        "nonFinite": 0,
        "created": 2,
        "ended": 2,
        "relayFrequency": 722.2222222222223
      },
      {
        "label": "lock",
        "audible": true,
        "rms": 0.0018123371502070133,
        "peak": 0.03094954416155815,
        "nonFinite": 0,
        "created": 1,
        "ended": 1,
        "relayFrequency": 944.4444444444446
      },
      {
        "label": "shot",
        "audible": true,
        "rms": 0.0007896970796442002,
        "peak": 0.01684541068971157,
        "nonFinite": 0,
        "created": 1,
        "ended": 1,
        "relayFrequency": 444.44444444444446
      },
      {
        "label": "rival-warning",
        "audible": true,
        "rms": 0.004583993230679545,
        "peak": 0.1060754582285881,
        "nonFinite": 0,
        "created": 2,
        "ended": 2,
        "relayFrequency": 250.00000000000003
      },
      {
        "label": "rival",
        "audible": true,
        "rms": 0.004426276340537847,
        "peak": 0.05872134864330292,
        "nonFinite": 0,
        "created": 1,
        "ended": 1,
        "relayFrequency": 111.11111111111111
      },
      {
        "label": "rival-crash",
        "audible": true,
        "rms": 0.0042336292132799476,
        "peak": 0.07535755634307861,
        "nonFinite": 0,
        "created": 2,
        "ended": 2,
        "relayFrequency": 5972.222222222223
      },
      {
        "label": "rival-defeated",
        "audible": true,
        "rms": 0.015251368062044718,
        "peak": 0.17065264284610748,
        "nonFinite": 0,
        "created": 4,
        "ended": 4,
        "relayFrequency": 6833.333333333334
      },
      {
        "label": "boss-intro",
        "audible": true,
        "rms": 0.013827823658682343,
        "peak": 0.16368313133716583,
        "nonFinite": 0,
        "created": 3,
        "ended": 3,
        "relayFrequency": 83.33333333333334
      },
      {
        "label": "boss",
        "audible": true,
        "rms": 0.02282487304130951,
        "peak": 0.33601221442222595,
        "nonFinite": 0,
        "created": 6,
        "ended": 6,
        "relayFrequency": 222.22222222222223
      },
      {
        "label": "boss-warning",
        "audible": true,
        "rms": 0.005664512481555167,
        "peak": 0.12410169839859009,
        "nonFinite": 0,
        "created": 2,
        "ended": 2,
        "relayFrequency": 416.6666666666667
      },
      {
        "label": "boss-recovery",
        "audible": true,
        "rms": 0.011732700098480639,
        "peak": 0.1297176480293274,
        "nonFinite": 0,
        "created": 3,
        "ended": 3,
        "relayFrequency": 388.8888888888889
      },
      {
        "label": "relay",
        "audible": true,
        "rms": 0.00678225200943369,
        "peak": 0.07462780177593231,
        "nonFinite": 0,
        "created": 2,
        "ended": 2,
        "relayFrequency": 527.7777777777778
      },
      {
        "label": "relay-wrong",
        "audible": true,
        "rms": 0.0017131631546038423,
        "peak": 0.03784780204296112,
        "nonFinite": 0,
        "created": 1,
        "ended": 1,
        "relayFrequency": 305.5555555555556
      },
      {
        "label": "charge-ready",
        "audible": true,
        "rms": 0.0145545602181962,
        "peak": 0.15025539696216583,
        "nonFinite": 0,
        "created": 4,
        "ended": 4,
        "relayFrequency": 527.7777777777778
      },
      {
        "label": "boss-node",
        "audible": true,
        "rms": 0.016287214185146864,
        "peak": 0.18898357450962067,
        "nonFinite": 0,
        "created": 3,
        "ended": 3,
        "relayFrequency": 5083.333333333334
      },
      {
        "label": "boss-defeated",
        "audible": true,
        "rms": 0.024958289802263476,
        "peak": 0.18977884948253632,
        "nonFinite": 0,
        "created": 6,
        "ended": 6,
        "relayFrequency": 7861.111111111111
      },
      {
        "label": "complete",
        "audible": true,
        "rms": 0.035026541295872904,
        "peak": 0.2284933626651764,
        "nonFinite": 0,
        "created": 6,
        "ended": 6,
        "relayFrequency": 166.66666666666669
      },
      {
        "label": "damage",
        "audible": true,
        "rms": 0.00524538959329984,
        "peak": 0.09886031597852707,
        "nonFinite": 0,
        "created": 2,
        "ended": 2,
        "relayFrequency": 4555.555555555556
      },
      {
        "label": "shield-hit",
        "audible": true,
        "rms": 0.0075959053448166666,
        "peak": 0.07084266096353531,
        "nonFinite": 0,
        "created": 1,
        "ended": 1,
        "relayFrequency": 333.33333333333337
      },
      {
        "label": "crash",
        "audible": true,
        "rms": 0.024312663087978074,
        "peak": 0.3080187141895294,
        "nonFinite": 0,
        "created": 2,
        "ended": 2,
        "relayFrequency": 8583.333333333334
      },
      {
        "label": "player-shot",
        "audible": true,
        "rms": 0.0014996724070760197,
        "peak": 0.03701198101043701,
        "nonFinite": 0,
        "created": 2,
        "ended": 2,
        "relayFrequency": 2472.2222222222226
      },
      {
        "label": "weapon-empty",
        "audible": true,
        "rms": 0.0010484473199902438,
        "peak": 0.029782766476273537,
        "nonFinite": 0,
        "created": 1,
        "ended": 1,
        "relayFrequency": 194.44444444444446
      },
      {
        "label": "drone-hit",
        "audible": true,
        "rms": 0.0026458917594153106,
        "peak": 0.06670290976762772,
        "nonFinite": 0,
        "created": 2,
        "ended": 2,
        "relayFrequency": 2861.1111111111113
      },
      {
        "label": "drone-destroyed",
        "audible": true,
        "rms": 0.008153638986439992,
        "peak": 0.13048483431339264,
        "nonFinite": 0,
        "created": 3,
        "ended": 3,
        "relayFrequency": 6222.222222222223
      },
      {
        "label": "armor-hit",
        "audible": true,
        "rms": 0.002873140880154792,
        "peak": 0.08077815175056458,
        "nonFinite": 0,
        "created": 2,
        "ended": 2,
        "relayFrequency": 444.44444444444446
      },
      {
        "label": "receptor-hit",
        "audible": true,
        "rms": 0.004235272895517665,
        "peak": 0.06243548169732094,
        "nonFinite": 0,
        "created": 1,
        "ended": 1,
        "relayFrequency": 805.5555555555557
      },
      {
        "label": "scrubber",
        "audible": true,
        "rms": 0.006884634007011238,
        "peak": 0.11556653678417206,
        "nonFinite": 0,
        "created": 2,
        "ended": 2,
        "relayFrequency": 6777.777777777778
      },
      {
        "label": "chain-buffer",
        "audible": true,
        "rms": 0.010575972747076286,
        "peak": 0.1298818588256836,
        "nonFinite": 0,
        "created": 3,
        "ended": 3,
        "relayFrequency": 694.4444444444445
      },
      {
        "label": "power-expired",
        "audible": true,
        "rms": 0.004571288511941139,
        "peak": 0.06372853368520737,
        "nonFinite": 0,
        "created": 2,
        "ended": 2,
        "relayFrequency": 305.5555555555556
      },
      {
        "label": "lab-ready",
        "audible": true,
        "rms": 0.006629754789373215,
        "peak": 0.09466110914945602,
        "nonFinite": 0,
        "created": 2,
        "ended": 2,
        "relayFrequency": 305.5555555555556
      },
      {
        "label": "relay-2",
        "audible": true,
        "rms": 0.006779027734693453,
        "peak": 0.0741194412112236,
        "nonFinite": 0,
        "created": 2,
        "ended": 2,
        "relayFrequency": 666.6666666666667
      },
      {
        "label": "relay-3",
        "audible": true,
        "rms": 0.006780953326040243,
        "peak": 0.07415595650672913,
        "nonFinite": 0,
        "created": 2,
        "ended": 2,
        "relayFrequency": 777.7777777777778
      },
      {
        "label": "pickup-blaster",
        "audible": true,
        "rms": 0.008083307116077593,
        "peak": 0.10817676037549973,
        "nonFinite": 0,
        "created": 2,
        "ended": 2,
        "relayFrequency": 305.5555555555556
      },
      {
        "label": "pickup-capacitor",
        "audible": true,
        "rms": 0.009053012074569778,
        "peak": 0.07951214909553528,
        "nonFinite": 0,
        "created": 2,
        "ended": 2,
        "relayFrequency": 333.33333333333337
      },
      {
        "label": "pickup-scrubber",
        "audible": true,
        "rms": 0.005973061516109843,
        "peak": 0.09423059225082397,
        "nonFinite": 0,
        "created": 2,
        "ended": 2,
        "relayFrequency": 5222.222222222223
      },
      {
        "label": "pickup-chain-buffer",
        "audible": true,
        "rms": 0.011331440164990133,
        "peak": 0.12818892300128937,
        "nonFinite": 0,
        "created": 3,
        "ended": 3,
        "relayFrequency": 666.6666666666667
      },
      {
        "label": "expiry-overdrive",
        "audible": true,
        "rms": 0.004571288511941139,
        "peak": 0.06372853368520737,
        "nonFinite": 0,
        "created": 2,
        "ended": 2,
        "relayFrequency": 305.5555555555556
      },
      {
        "label": "expiry-shield",
        "audible": true,
        "rms": 0.004569242622834438,
        "peak": 0.0633859783411026,
        "nonFinite": 0,
        "created": 2,
        "ended": 2,
        "relayFrequency": 388.8888888888889
      },
      {
        "label": "expiry-surge",
        "audible": true,
        "rms": 0.004563831463329126,
        "peak": 0.06373590230941772,
        "nonFinite": 0,
        "created": 2,
        "ended": 2,
        "relayFrequency": 527.7777777777778
      },
      {
        "label": "expiry-magnet",
        "audible": true,
        "rms": 0.004552161458152878,
        "peak": 0.06176390126347542,
        "nonFinite": 0,
        "created": 2,
        "ended": 2,
        "relayFrequency": 444.44444444444446
      },
      {
        "label": "expiry-scrubber",
        "audible": true,
        "rms": 0.004560648089008681,
        "peak": 0.06370366364717484,
        "nonFinite": 0,
        "created": 2,
        "ended": 2,
        "relayFrequency": 583.3333333333334
      },
      {
        "label": "expiry-chain-buffer",
        "audible": true,
        "rms": 0.004558873198708391,
        "peak": 0.06284419447183609,
        "nonFinite": 0,
        "created": 2,
        "ended": 2,
        "relayFrequency": 777.7777777777778
      }
    ],
    "mixed": {
      "rms": 0.03648431719067223,
      "peak": 0.37418168783187866,
      "nonFinite": 0,
      "created": 22,
      "ended": 22,
      "relayFrequency": 9361.111111111111
    },
    "effectsMuted": {
      "rms": 0,
      "peak": 0,
      "nonFinite": 0,
      "created": 4,
      "ended": 4,
      "relayFrequency": 0
    },
    "masterMuted": {
      "rms": 0,
      "peak": 0,
      "nonFinite": 0,
      "created": 5,
      "ended": 5,
      "relayFrequency": 0
    }
  },
  "blocked": {
    "status": "locked",
    "state": "suspended"
  },
  "overlappingUnlocks": {
    "first": true,
    "gesture": true,
    "sameContext": true,
    "status": "running"
  },
  "lifecycle": {
    "repeatedUnlockIsStable": true,
    "pauseTime": 0.2613333333333333,
    "voicesAfterPause": 0,
    "voicesAfterResume": 2,
    "suspended": {
      "status": "suspended",
      "timerStopped": true
    },
    "returned": {
      "status": "running",
      "gameStillPaused": true,
      "schedulerStillStopped": true
    },
    "schedulingAfterReturn": true,
    "closedRecovery": {
      "previousStatus": "unavailable",
      "result": true,
      "replacedContext": true,
      "status": "running"
    },
    "statuses": [
      "running",
      "suspended",
      "running",
      "unavailable",
      "running"
    ],
    "timerAfterDispose": null,
    "stateAfterDispose": "closed",
    "disposedRemainsClosed": true
  },
  "delayedRecovery": {
    "blockedResult": false,
    "bounded": true,
    "blockedStatus": "locked",
    "recovered": true,
    "recoveredStatus": "running",
    "disposedResult": false,
    "disposedContext": null,
    "disposedTimer": null
  },
  "limitation": "Native offline music/every-cue rendering, strict browser autoplay and real context suspension/closure, plus a controlled delayed resume promise; not a subjective listening review or every device/browser."
}
