
> snake-year-3039@0.2.0 build
> tsc -b && vite build

vite v8.2.2 building client environment for production...
transforming...
✓ 1871 modules transformed.
rendering chunks...
computing gzip size...
dist/index.html                                         0.71 kB │ gzip:   0.41 kB
dist/assets/orbitron-latin-900-normal-DrIi7unX.woff2    6.40 kB
dist/assets/orbitron-latin-700-normal-4jsRXGGJ.woff2    6.52 kB
dist/assets/orbitron-latin-900-normal-BbJatbhp.woff     8.40 kB
dist/assets/orbitron-latin-700-normal-DmYOh-W9.woff     8.96 kB
dist/assets/rajdhani-latin-500-normal-DfvNI-Td.woff    11.76 kB
dist/assets/rajdhani-latin-400-normal-C6_q4usG.woff    11.76 kB
dist/assets/rajdhani-latin-700-normal-e0Uj8ZlN.woff    12.06 kB
dist/assets/rajdhani-latin-600-normal-Dx02qI2_.woff    12.09 kB
dist/assets/rajdhani-latin-400-normal-CurJOxDW.woff2   14.97 kB
dist/assets/rajdhani-latin-500-normal-ByNUCHrt.woff2   15.08 kB
dist/assets/rajdhani-latin-700-normal-BPDUZo87.woff2   15.68 kB
dist/assets/rajdhani-latin-600-normal-CXCVEoA9.woff2   15.73 kB
dist/assets/index-JrfndRJq.css                         41.11 kB │ gzip:   9.96 kB
dist/assets/index-BhFtinGY.js                         379.68 kB │ gzip: 120.25 kB
dist/assets/three-DA-Wj7-s.js                         572.32 kB │ gzip: 142.53 kB

✓ built in 290ms
[plugin builtin:vite-reporter]
(!) Some chunks are larger than 500 kB after minification. Consider:
- Using dynamic import() to code-split the application
- Use build.rolldownOptions.output.codeSplitting to improve chunking: https://rolldown.rs/reference/OutputOptions.codeSplitting
- Adjust chunk size limit for this warning via build.chunkSizeWarningLimit.
