{
  "date": "2026-09-07T04:09:54.633Z",
  "browser": "152.0.7977.77",
  "checks": [
    "Real HUD and 36×26 floor/Warden fit at 16:9, 16:10 and 21:9, UI80/150",
    "96 glow rows: eight colors × three landscape ratios × UI80/150 × Low/Medium match head, body, ports, preview head and direction marker while preserving hostile red faction; contact sheet is actual scene crops at1280 UI150",
    "Six compact timed buffs at1280×720 UI150: names and timers visible, durations at least16px, effects accessible, no clipping, HUD overlap or covered travel lanes",
    "Identical camera matrices across acquiring and expiring six buffs, EMP/Decoy, combo, hit feedback and weapon ammunition",
    "Twelve canonical pickups have distinct geometric identities",
    "Ordered relays, truthful pad, receptor exposure, node beam, exact3u Scrubber, paused effects, projectile ownership and extraction cleanup",
    "New Warden spheres, charged laser exposure, no old pad, three clipped orange aim warnings, selected-color shots, warning cleanup and bounded per-snake halo draw",
    "Actual 3D customizer reuses canvas; rotate/zoom work; restoration and legacy32×24 floor/exit checked"
  ],
  "camera": [
    {
      "width": 1280,
      "height": 720,
      "uiScale": 0.8,
      "mode": "wave",
      "blocked": [],
      "bounds": {
        "left": 283.7831715739849,
        "right": 996.2168284260151,
        "top": 269.7277344093067,
        "bottom": 672.1869718433586
      },
      "safe": {
        "top": 149.0625,
        "bottom": 513.1875
      },
      "distance": 55.92590313701982,
      "floor": [
        36,
        26
      ]
    },
    {
      "width": 1280,
      "height": 720,
      "uiScale": 0.8,
      "mode": "boss",
      "blocked": [],
      "bounds": {
        "left": 283.7831715739849,
        "right": 996.2168284260151,
        "top": 199.33858090292895,
        "bottom": 672.1869718433586
      },
      "safe": {
        "top": 153.15625,
        "bottom": 513.1875
      },
      "distance": 55.92590313701982,
      "floor": [
        36,
        26
      ]
    },
    {
      "width": 1280,
      "height": 720,
      "uiScale": 1.5,
      "mode": "wave",
      "blocked": [],
      "bounds": {
        "left": 496.11024469984477,
        "right": 911.8897553001552,
        "top": 160.22398887712583,
        "bottom": 405.3702999431085
      },
      "safe": {
        "top": 209.15625,
        "bottom": 456.53125
      },
      "distance": 90.9588620065771,
      "floor": [
        36,
        26
      ]
    },
    {
      "width": 1280,
      "height": 720,
      "uiScale": 1.5,
      "mode": "boss",
      "blocked": [],
      "bounds": {
        "left": 496.11024469984477,
        "right": 911.8897553001552,
        "top": 117.51768247092939,
        "bottom": 405.3702999431085
      },
      "safe": {
        "top": 220.15625,
        "bottom": 456.53125
      },
      "distance": 90.9588620065771,
      "floor": [
        36,
        26
      ]
    },
    {
      "width": 1440,
      "height": 900,
      "uiScale": 0.8,
      "mode": "wave",
      "blocked": [],
      "bounds": {
        "left": 335.6211458303177,
        "right": 1248.3788541696824,
        "top": 116.87218993244178,
        "bottom": 631.2743724422786
      },
      "safe": {
        "top": 161.09375,
        "bottom": 650.859375
      },
      "distance": 54.73083478156157,
      "floor": [
        36,
        26
      ]
    },
    {
      "width": 1440,
      "height": 900,
      "uiScale": 0.8,
      "mode": "boss",
      "blocked": [],
      "bounds": {
        "left": 335.6211458303177,
        "right": 1248.3788541696824,
        "top": 26.907933870275624,
        "bottom": 631.2743724422786
      },
      "safe": {
        "top": 181.1875,
        "bottom": 650.859375
      },
      "distance": 54.73083478156157,
      "floor": [
        36,
        26
      ]
    },
    {
      "width": 1440,
      "height": 900,
      "uiScale": 1.5,
      "mode": "wave",
      "blocked": [],
      "bounds": {
        "left": 541.113465997043,
        "right": 1186.886534002957,
        "top": 207.6751054590401,
        "bottom": 582.6606643590031
      },
      "safe": {
        "top": 221.1875,
        "bottom": 598.03125
      },
      "distance": 74.53674291977428,
      "floor": [
        36,
        26
      ]
    },
    {
      "width": 1440,
      "height": 900,
      "uiScale": 1.5,
      "mode": "boss",
      "blocked": [],
      "bounds": {
        "left": 541.113465997043,
        "right": 1186.886534002957,
        "top": 142.1921397923109,
        "bottom": 582.6606643590031
      },
      "safe": {
        "top": 252.1875,
        "bottom": 598.03125
      },
      "distance": 74.53674291977428,
      "floor": [
        36,
        26
      ]
    },
    {
      "width": 1680,
      "height": 720,
      "uiScale": 0.8,
      "mode": "wave",
      "blocked": [],
      "bounds": {
        "left": 329.5240652613635,
        "right": 1350.4759347386364,
        "top": 128.6163498971499,
        "bottom": 683.5636452461524
      },
      "safe": {
        "top": 149.0625,
        "bottom": 513.1875
      },
      "distance": 41.08825670127402,
      "floor": [
        36,
        26
      ]
    },
    {
      "width": 1680,
      "height": 720,
      "uiScale": 0.8,
      "mode": "boss",
      "blocked": [],
      "bounds": {
        "left": 329.5240652613635,
        "right": 1350.4759347386364,
        "top": 31.95188414597116,
        "bottom": 683.5636452461524
      },
      "safe": {
        "top": 153.15625,
        "bottom": 513.1875
      },
      "distance": 41.08825670127402,
      "floor": [
        36,
        26
      ]
    },
    {
      "width": 1680,
      "height": 720,
      "uiScale": 1.5,
      "mode": "wave",
      "blocked": [],
      "bounds": {
        "left": 502.6495222176823,
        "right": 1177.3504777823177,
        "top": 190.73476012720403,
        "bottom": 573.8285918858542
      },
      "safe": {
        "top": 209.15625,
        "bottom": 456.53125
      },
      "distance": 58.67187480770762,
      "floor": [
        36,
        26
      ]
    },
    {
      "width": 1680,
      "height": 720,
      "uiScale": 1.5,
      "mode": "boss",
      "blocked": [],
      "bounds": {
        "left": 502.6495222176823,
        "right": 1177.3504777823177,
        "top": 123.73326059174023,
        "bottom": 573.8285918858542
      },
      "safe": {
        "top": 220.15625,
        "bottom": 456.53125
      },
      "distance": 58.67187480770762,
      "floor": [
        36,
        26
      ]
    }
  ],
  "cameraStability": [
    {
      "populated": false,
      "unchanged": true,
      "resourcesHeight": 156,
      "camera": {
        "blocked": [],
        "bounds": {
          "left": 496.11024469984477,
          "right": 911.8897553001552,
          "top": 160.22398887712583,
          "bottom": 405.3702999431085
        },
        "safe": {
          "top": 209.15625,
          "bottom": 456.53125
        },
        "distance": 90.9588620065771,
        "floor": [
          36,
          26
        ]
      }
    },
    {
      "populated": true,
      "unchanged": true,
      "resourcesHeight": 316,
      "camera": {
        "blocked": [],
        "bounds": {
          "left": 496.11024469984477,
          "right": 911.8897553001552,
          "top": 160.22398887712583,
          "bottom": 405.3702999431085
        },
        "safe": {
          "top": 209.15625,
          "bottom": 339.203125
        },
        "distance": 90.9588620065771,
        "floor": [
          36,
          26
        ]
      }
    },
    {
      "populated": false,
      "unchanged": true,
      "resourcesHeight": 156,
      "camera": {
        "blocked": [],
        "bounds": {
          "left": 496.11024469984477,
          "right": 911.8897553001552,
          "top": 160.22398887712583,
          "bottom": 405.3702999431085
        },
        "safe": {
          "top": 209.15625,
          "bottom": 456.53125
        },
        "distance": 90.9588620065771,
        "floor": [
          36,
          26
        ]
      }
    },
    {
      "populated": true,
      "unchanged": true,
      "resourcesHeight": 316,
      "camera": {
        "blocked": [],
        "bounds": {
          "left": 496.11024469984477,
          "right": 911.8897553001552,
          "top": 160.22398887712583,
          "bottom": 405.3702999431085
        },
        "safe": {
          "top": 209.15625,
          "bottom": 339.203125
        },
        "distance": 90.9588620065771,
        "floor": [
          36,
          26
        ]
      }
    }
  ],
  "glow": [
    {
      "width": 1280,
      "height": 720,
      "uiScale": 0.8,
      "quality": "low",
      "glow": "cyan",
      "selected": "#20dfff",
      "body": "#20dfff",
      "head": "#20dfff",
      "ports": "#20dfff",
      "marker": "#20dfff",
      "previewHead": "#20dfff",
      "halo": {
        "visible": true,
        "instances": 21,
        "depthWrite": false
      },
      "laserColor": "#20dfff",
      "hostile": "#ff426f"
    },
    {
      "width": 1280,
      "height": 720,
      "uiScale": 0.8,
      "quality": "low",
      "glow": "electric-blue",
      "selected": "#2864ff",
      "body": "#2864ff",
      "head": "#2864ff",
      "ports": "#2864ff",
      "marker": "#2864ff",
      "previewHead": "#2864ff",
      "halo": {
        "visible": true,
        "instances": 21,
        "depthWrite": false
      },
      "laserColor": "#2864ff",
      "hostile": "#ff426f"
    },
    {
      "width": 1280,
      "height": 720,
      "uiScale": 0.8,
      "quality": "low",
      "glow": "violet",
      "selected": "#982dff",
      "body": "#982dff",
      "head": "#982dff",
      "ports": "#982dff",
      "marker": "#982dff",
      "previewHead": "#982dff",
      "halo": {
        "visible": true,
        "instances": 21,
        "depthWrite": false
      },
      "laserColor": "#982dff",
      "hostile": "#ff426f"
    },
    {
      "width": 1280,
      "height": 720,
      "uiScale": 0.8,
      "quality": "low",
      "glow": "magenta",
      "selected": "#ff20d7",
      "body": "#ff20d7",
      "head": "#ff20d7",
      "ports": "#ff20d7",
      "marker": "#ff20d7",
      "previewHead": "#ff20d7",
      "halo": {
        "visible": true,
        "instances": 21,
        "depthWrite": false
      },
      "laserColor": "#ff20d7",
      "hostile": "#ff426f"
    },
    {
      "width": 1280,
      "height": 720,
      "uiScale": 0.8,
      "quality": "low",
      "glow": "mint",
      "selected": "#58ffb6",
      "body": "#58ffb6",
      "head": "#58ffb6",
      "ports": "#58ffb6",
      "marker": "#58ffb6",
      "previewHead": "#58ffb6",
      "halo": {
        "visible": true,
        "instances": 21,
        "depthWrite": false
      },
      "laserColor": "#58ffb6",
      "hostile": "#ff426f"
    },
    {
      "width": 1280,
      "height": 720,
      "uiScale": 0.8,
      "quality": "low",
      "glow": "teal",
      "selected": "#00dca6",
      "body": "#00dca6",
      "head": "#00dca6",
      "ports": "#00dca6",
      "marker": "#00dca6",
      "previewHead": "#00dca6",
      "halo": {
        "visible": true,
        "instances": 21,
        "depthWrite": false
      },
      "laserColor": "#00dca6",
      "hostile": "#ff426f"
    },
    {
      "width": 1280,
      "height": 720,
      "uiScale": 0.8,
      "quality": "low",
      "glow": "gold",
      "selected": "#ffba24",
      "body": "#ffba24",
      "head": "#ffba24",
      "ports": "#ffba24",
      "marker": "#ffba24",
      "previewHead": "#ffba24",
      "halo": {
        "visible": true,
        "instances": 21,
        "depthWrite": false
      },
      "laserColor": "#ffba24",
      "hostile": "#ff426f"
    },
    {
      "width": 1280,
      "height": 720,
      "uiScale": 0.8,
      "quality": "low",
      "glow": "pearl",
      "selected": "#e4f3ff",
      "body": "#e4f3ff",
      "head": "#e4f3ff",
      "ports": "#e4f3ff",
      "marker": "#e4f3ff",
      "previewHead": "#e4f3ff",
      "halo": {
        "visible": true,
        "instances": 21,
        "depthWrite": false
      },
      "laserColor": "#e4f3ff",
      "hostile": "#ff426f"
    },
    {
      "width": 1280,
      "height": 720,
      "uiScale": 0.8,
      "quality": "medium",
      "glow": "cyan",
      "selected": "#20dfff",
      "body": "#20dfff",
      "head": "#20dfff",
      "ports": "#20dfff",
      "marker": "#20dfff",
      "previewHead": "#20dfff",
      "halo": {
        "visible": true,
        "instances": 21,
        "depthWrite": false
      },
      "laserColor": "#20dfff",
      "hostile": "#ff426f"
    },
    {
      "width": 1280,
      "height": 720,
      "uiScale": 0.8,
      "quality": "medium",
      "glow": "electric-blue",
      "selected": "#2864ff",
      "body": "#2864ff",
      "head": "#2864ff",
      "ports": "#2864ff",
      "marker": "#2864ff",
      "previewHead": "#2864ff",
      "halo": {
        "visible": true,
        "instances": 21,
        "depthWrite": false
      },
      "laserColor": "#2864ff",
      "hostile": "#ff426f"
    },
    {
      "width": 1280,
      "height": 720,
      "uiScale": 0.8,
      "quality": "medium",
      "glow": "violet",
      "selected": "#982dff",
      "body": "#982dff",
      "head": "#982dff",
      "ports": "#982dff",
      "marker": "#982dff",
      "previewHead": "#982dff",
      "halo": {
        "visible": true,
        "instances": 21,
        "depthWrite": false
      },
      "laserColor": "#982dff",
      "hostile": "#ff426f"
    },
    {
      "width": 1280,
      "height": 720,
      "uiScale": 0.8,
      "quality": "medium",
      "glow": "magenta",
      "selected": "#ff20d7",
      "body": "#ff20d7",
      "head": "#ff20d7",
      "ports": "#ff20d7",
      "marker": "#ff20d7",
      "previewHead": "#ff20d7",
      "halo": {
        "visible": true,
        "instances": 21,
        "depthWrite": false
      },
      "laserColor": "#ff20d7",
      "hostile": "#ff426f"
    },
    {
      "width": 1280,
      "height": 720,
      "uiScale": 0.8,
      "quality": "medium",
      "glow": "mint",
      "selected": "#58ffb6",
      "body": "#58ffb6",
      "head": "#58ffb6",
      "ports": "#58ffb6",
      "marker": "#58ffb6",
      "previewHead": "#58ffb6",
      "halo": {
        "visible": true,
        "instances": 21,
        "depthWrite": false
      },
      "laserColor": "#58ffb6",
      "hostile": "#ff426f"
    },
    {
      "width": 1280,
      "height": 720,
      "uiScale": 0.8,
      "quality": "medium",
      "glow": "teal",
      "selected": "#00dca6",
      "body": "#00dca6",
      "head": "#00dca6",
      "ports": "#00dca6",
      "marker": "#00dca6",
      "previewHead": "#00dca6",
      "halo": {
        "visible": true,
        "instances": 21,
        "depthWrite": false
      },
      "laserColor": "#00dca6",
      "hostile": "#ff426f"
    },
    {
      "width": 1280,
      "height": 720,
      "uiScale": 0.8,
      "quality": "medium",
      "glow": "gold",
      "selected": "#ffba24",
      "body": "#ffba24",
      "head": "#ffba24",
      "ports": "#ffba24",
      "marker": "#ffba24",
      "previewHead": "#ffba24",
      "halo": {
        "visible": true,
        "instances": 21,
        "depthWrite": false
      },
      "laserColor": "#ffba24",
      "hostile": "#ff426f"
    },
    {
      "width": 1280,
      "height": 720,
      "uiScale": 0.8,
      "quality": "medium",
      "glow": "pearl",
      "selected": "#e4f3ff",
      "body": "#e4f3ff",
      "head": "#e4f3ff",
      "ports": "#e4f3ff",
      "marker": "#e4f3ff",
      "previewHead": "#e4f3ff",
      "halo": {
        "visible": true,
        "instances": 21,
        "depthWrite": false
      },
      "laserColor": "#e4f3ff",
      "hostile": "#ff426f"
    },
    {
      "width": 1280,
      "height": 720,
      "uiScale": 1.5,
      "quality": "low",
      "glow": "cyan",
      "selected": "#20dfff",
      "body": "#20dfff",
      "head": "#20dfff",
      "ports": "#20dfff",
      "marker": "#20dfff",
      "previewHead": "#20dfff",
      "halo": {
        "visible": true,
        "instances": 21,
        "depthWrite": false
      },
      "laserColor": "#20dfff",
      "hostile": "#ff426f"
    },
    {
      "width": 1280,
      "height": 720,
      "uiScale": 1.5,
      "quality": "low",
      "glow": "electric-blue",
      "selected": "#2864ff",
      "body": "#2864ff",
      "head": "#2864ff",
      "ports": "#2864ff",
      "marker": "#2864ff",
      "previewHead": "#2864ff",
      "halo": {
        "visible": true,
        "instances": 21,
        "depthWrite": false
      },
      "laserColor": "#2864ff",
      "hostile": "#ff426f"
    },
    {
      "width": 1280,
      "height": 720,
      "uiScale": 1.5,
      "quality": "low",
      "glow": "violet",
      "selected": "#982dff",
      "body": "#982dff",
      "head": "#982dff",
      "ports": "#982dff",
      "marker": "#982dff",
      "previewHead": "#982dff",
      "halo": {
        "visible": true,
        "instances": 21,
        "depthWrite": false
      },
      "laserColor": "#982dff",
      "hostile": "#ff426f"
    },
    {
      "width": 1280,
      "height": 720,
      "uiScale": 1.5,
      "quality": "low",
      "glow": "magenta",
      "selected": "#ff20d7",
      "body": "#ff20d7",
      "head": "#ff20d7",
      "ports": "#ff20d7",
      "marker": "#ff20d7",
      "previewHead": "#ff20d7",
      "halo": {
        "visible": true,
        "instances": 21,
        "depthWrite": false
      },
      "laserColor": "#ff20d7",
      "hostile": "#ff426f"
    },
    {
      "width": 1280,
      "height": 720,
      "uiScale": 1.5,
      "quality": "low",
      "glow": "mint",
      "selected": "#58ffb6",
      "body": "#58ffb6",
      "head": "#58ffb6",
      "ports": "#58ffb6",
      "marker": "#58ffb6",
      "previewHead": "#58ffb6",
      "halo": {
        "visible": true,
        "instances": 21,
        "depthWrite": false
      },
      "laserColor": "#58ffb6",
      "hostile": "#ff426f"
    },
    {
      "width": 1280,
      "height": 720,
      "uiScale": 1.5,
      "quality": "low",
      "glow": "teal",
      "selected": "#00dca6",
      "body": "#00dca6",
      "head": "#00dca6",
      "ports": "#00dca6",
      "marker": "#00dca6",
      "previewHead": "#00dca6",
      "halo": {
        "visible": true,
        "instances": 21,
        "depthWrite": false
      },
      "laserColor": "#00dca6",
      "hostile": "#ff426f"
    },
    {
      "width": 1280,
      "height": 720,
      "uiScale": 1.5,
      "quality": "low",
      "glow": "gold",
      "selected": "#ffba24",
      "body": "#ffba24",
      "head": "#ffba24",
      "ports": "#ffba24",
      "marker": "#ffba24",
      "previewHead": "#ffba24",
      "halo": {
        "visible": true,
        "instances": 21,
        "depthWrite": false
      },
      "laserColor": "#ffba24",
      "hostile": "#ff426f"
    },
    {
      "width": 1280,
      "height": 720,
      "uiScale": 1.5,
      "quality": "low",
      "glow": "pearl",
      "selected": "#e4f3ff",
      "body": "#e4f3ff",
      "head": "#e4f3ff",
      "ports": "#e4f3ff",
      "marker": "#e4f3ff",
      "previewHead": "#e4f3ff",
      "halo": {
        "visible": true,
        "instances": 21,
        "depthWrite": false
      },
      "laserColor": "#e4f3ff",
      "hostile": "#ff426f"
    },
    {
      "width": 1280,
      "height": 720,
      "uiScale": 1.5,
      "quality": "medium",
      "glow": "cyan",
      "selected": "#20dfff",
      "body": "#20dfff",
      "head": "#20dfff",
      "ports": "#20dfff",
      "marker": "#20dfff",
      "previewHead": "#20dfff",
      "halo": {
        "visible": true,
        "instances": 21,
        "depthWrite": false
      },
      "laserColor": "#20dfff",
      "hostile": "#ff426f"
    },
    {
      "width": 1280,
      "height": 720,
      "uiScale": 1.5,
      "quality": "medium",
      "glow": "electric-blue",
      "selected": "#2864ff",
      "body": "#2864ff",
      "head": "#2864ff",
      "ports": "#2864ff",
      "marker": "#2864ff",
      "previewHead": "#2864ff",
      "halo": {
        "visible": true,
        "instances": 21,
        "depthWrite": false
      },
      "laserColor": "#2864ff",
      "hostile": "#ff426f"
    },
    {
      "width": 1280,
      "height": 720,
      "uiScale": 1.5,
      "quality": "medium",
      "glow": "violet",
      "selected": "#982dff",
      "body": "#982dff",
      "head": "#982dff",
      "ports": "#982dff",
      "marker": "#982dff",
      "previewHead": "#982dff",
      "halo": {
        "visible": true,
        "instances": 21,
        "depthWrite": false
      },
      "laserColor": "#982dff",
      "hostile": "#ff426f"
    },
    {
      "width": 1280,
      "height": 720,
      "uiScale": 1.5,
      "quality": "medium",
      "glow": "magenta",
      "selected": "#ff20d7",
      "body": "#ff20d7",
      "head": "#ff20d7",
      "ports": "#ff20d7",
      "marker": "#ff20d7",
      "previewHead": "#ff20d7",
      "halo": {
        "visible": true,
        "instances": 21,
        "depthWrite": false
      },
      "laserColor": "#ff20d7",
      "hostile": "#ff426f"
    },
    {
      "width": 1280,
      "height": 720,
      "uiScale": 1.5,
      "quality": "medium",
      "glow": "mint",
      "selected": "#58ffb6",
      "body": "#58ffb6",
      "head": "#58ffb6",
      "ports": "#58ffb6",
      "marker": "#58ffb6",
      "previewHead": "#58ffb6",
      "halo": {
        "visible": true,
        "instances": 21,
        "depthWrite": false
      },
      "laserColor": "#58ffb6",
      "hostile": "#ff426f"
    },
    {
      "width": 1280,
      "height": 720,
      "uiScale": 1.5,
      "quality": "medium",
      "glow": "teal",
      "selected": "#00dca6",
      "body": "#00dca6",
      "head": "#00dca6",
      "ports": "#00dca6",
      "marker": "#00dca6",
      "previewHead": "#00dca6",
      "halo": {
        "visible": true,
        "instances": 21,
        "depthWrite": false
      },
      "laserColor": "#00dca6",
      "hostile": "#ff426f"
    },
    {
      "width": 1280,
      "height": 720,
      "uiScale": 1.5,
      "quality": "medium",
      "glow": "gold",
      "selected": "#ffba24",
      "body": "#ffba24",
      "head": "#ffba24",
      "ports": "#ffba24",
      "marker": "#ffba24",
      "previewHead": "#ffba24",
      "halo": {
        "visible": true,
        "instances": 21,
        "depthWrite": false
      },
      "laserColor": "#ffba24",
      "hostile": "#ff426f"
    },
    {
      "width": 1280,
      "height": 720,
      "uiScale": 1.5,
      "quality": "medium",
      "glow": "pearl",
      "selected": "#e4f3ff",
      "body": "#e4f3ff",
      "head": "#e4f3ff",
      "ports": "#e4f3ff",
      "marker": "#e4f3ff",
      "previewHead": "#e4f3ff",
      "halo": {
        "visible": true,
        "instances": 21,
        "depthWrite": false
      },
      "laserColor": "#e4f3ff",
      "hostile": "#ff426f"
    },
    {
      "width": 1440,
      "height": 900,
      "uiScale": 0.8,
      "quality": "low",
      "glow": "cyan",
      "selected": "#20dfff",
      "body": "#20dfff",
      "head": "#20dfff",
      "ports": "#20dfff",
      "marker": "#20dfff",
      "previewHead": "#20dfff",
      "halo": {
        "visible": true,
        "instances": 21,
        "depthWrite": false
      },
      "laserColor": "#20dfff",
      "hostile": "#ff426f"
    },
    {
      "width": 1440,
      "height": 900,
      "uiScale": 0.8,
      "quality": "low",
      "glow": "electric-blue",
      "selected": "#2864ff",
      "body": "#2864ff",
      "head": "#2864ff",
      "ports": "#2864ff",
      "marker": "#2864ff",
      "previewHead": "#2864ff",
      "halo": {
        "visible": true,
        "instances": 21,
        "depthWrite": false
      },
      "laserColor": "#2864ff",
      "hostile": "#ff426f"
    },
    {
      "width": 1440,
      "height": 900,
      "uiScale": 0.8,
      "quality": "low",
      "glow": "violet",
      "selected": "#982dff",
      "body": "#982dff",
      "head": "#982dff",
      "ports": "#982dff",
      "marker": "#982dff",
      "previewHead": "#982dff",
      "halo": {
        "visible": true,
        "instances": 21,
        "depthWrite": false
      },
      "laserColor": "#982dff",
      "hostile": "#ff426f"
    },
    {
      "width": 1440,
      "height": 900,
      "uiScale": 0.8,
      "quality": "low",
      "glow": "magenta",
      "selected": "#ff20d7",
      "body": "#ff20d7",
      "head": "#ff20d7",
      "ports": "#ff20d7",
      "marker": "#ff20d7",
      "previewHead": "#ff20d7",
      "halo": {
        "visible": true,
        "instances": 21,
        "depthWrite": false
      },
      "laserColor": "#ff20d7",
      "hostile": "#ff426f"
    },
    {
      "width": 1440,
      "height": 900,
      "uiScale": 0.8,
      "quality": "low",
      "glow": "mint",
      "selected": "#58ffb6",
      "body": "#58ffb6",
      "head": "#58ffb6",
      "ports": "#58ffb6",
      "marker": "#58ffb6",
      "previewHead": "#58ffb6",
      "halo": {
        "visible": true,
        "instances": 21,
        "depthWrite": false
      },
      "laserColor": "#58ffb6",
      "hostile": "#ff426f"
    },
    {
      "width": 1440,
      "height": 900,
      "uiScale": 0.8,
      "quality": "low",
      "glow": "teal",
      "selected": "#00dca6",
      "body": "#00dca6",
      "head": "#00dca6",
      "ports": "#00dca6",
      "marker": "#00dca6",
      "previewHead": "#00dca6",
      "halo": {
        "visible": true,
        "instances": 21,
        "depthWrite": false
      },
      "laserColor": "#00dca6",
      "hostile": "#ff426f"
    },
    {
      "width": 1440,
      "height": 900,
      "uiScale": 0.8,
      "quality": "low",
      "glow": "gold",
      "selected": "#ffba24",
      "body": "#ffba24",
      "head": "#ffba24",
      "ports": "#ffba24",
      "marker": "#ffba24",
      "previewHead": "#ffba24",
      "halo": {
        "visible": true,
        "instances": 21,
        "depthWrite": false
      },
      "laserColor": "#ffba24",
      "hostile": "#ff426f"
    },
    {
      "width": 1440,
      "height": 900,
      "uiScale": 0.8,
      "quality": "low",
      "glow": "pearl",
      "selected": "#e4f3ff",
      "body": "#e4f3ff",
      "head": "#e4f3ff",
      "ports": "#e4f3ff",
      "marker": "#e4f3ff",
      "previewHead": "#e4f3ff",
      "halo": {
        "visible": true,
        "instances": 21,
        "depthWrite": false
      },
      "laserColor": "#e4f3ff",
      "hostile": "#ff426f"
    },
    {
      "width": 1440,
      "height": 900,
      "uiScale": 0.8,
      "quality": "medium",
      "glow": "cyan",
      "selected": "#20dfff",
      "body": "#20dfff",
      "head": "#20dfff",
      "ports": "#20dfff",
      "marker": "#20dfff",
      "previewHead": "#20dfff",
      "halo": {
        "visible": true,
        "instances": 21,
        "depthWrite": false
      },
      "laserColor": "#20dfff",
      "hostile": "#ff426f"
    },
    {
      "width": 1440,
      "height": 900,
      "uiScale": 0.8,
      "quality": "medium",
      "glow": "electric-blue",
      "selected": "#2864ff",
      "body": "#2864ff",
      "head": "#2864ff",
      "ports": "#2864ff",
      "marker": "#2864ff",
      "previewHead": "#2864ff",
      "halo": {
        "visible": true,
        "instances": 21,
        "depthWrite": false
      },
      "laserColor": "#2864ff",
      "hostile": "#ff426f"
    },
    {
      "width": 1440,
      "height": 900,
      "uiScale": 0.8,
      "quality": "medium",
      "glow": "violet",
      "selected": "#982dff",
      "body": "#982dff",
      "head": "#982dff",
      "ports": "#982dff",
      "marker": "#982dff",
      "previewHead": "#982dff",
      "halo": {
        "visible": true,
        "instances": 21,
        "depthWrite": false
      },
      "laserColor": "#982dff",
      "hostile": "#ff426f"
    },
    {
      "width": 1440,
      "height": 900,
      "uiScale": 0.8,
      "quality": "medium",
      "glow": "magenta",
      "selected": "#ff20d7",
      "body": "#ff20d7",
      "head": "#ff20d7",
      "ports": "#ff20d7",
      "marker": "#ff20d7",
      "previewHead": "#ff20d7",
      "halo": {
        "visible": true,
        "instances": 21,
        "depthWrite": false
      },
      "laserColor": "#ff20d7",
      "hostile": "#ff426f"
    },
    {
      "width": 1440,
      "height": 900,
      "uiScale": 0.8,
      "quality": "medium",
      "glow": "mint",
      "selected": "#58ffb6",
      "body": "#58ffb6",
      "head": "#58ffb6",
      "ports": "#58ffb6",
      "marker": "#58ffb6",
      "previewHead": "#58ffb6",
      "halo": {
        "visible": true,
        "instances": 21,
        "depthWrite": false
      },
      "laserColor": "#58ffb6",
      "hostile": "#ff426f"
    },
    {
      "width": 1440,
      "height": 900,
      "uiScale": 0.8,
      "quality": "medium",
      "glow": "teal",
      "selected": "#00dca6",
      "body": "#00dca6",
      "head": "#00dca6",
      "ports": "#00dca6",
      "marker": "#00dca6",
      "previewHead": "#00dca6",
      "halo": {
        "visible": true,
        "instances": 21,
        "depthWrite": false
      },
      "laserColor": "#00dca6",
      "hostile": "#ff426f"
    },
    {
      "width": 1440,
      "height": 900,
      "uiScale": 0.8,
      "quality": "medium",
      "glow": "gold",
      "selected": "#ffba24",
      "body": "#ffba24",
      "head": "#ffba24",
      "ports": "#ffba24",
      "marker": "#ffba24",
      "previewHead": "#ffba24",
      "halo": {
        "visible": true,
        "instances": 21,
        "depthWrite": false
      },
      "laserColor": "#ffba24",
      "hostile": "#ff426f"
    },
    {
      "width": 1440,
      "height": 900,
      "uiScale": 0.8,
      "quality": "medium",
      "glow": "pearl",
      "selected": "#e4f3ff",
      "body": "#e4f3ff",
      "head": "#e4f3ff",
      "ports": "#e4f3ff",
      "marker": "#e4f3ff",
      "previewHead": "#e4f3ff",
      "halo": {
        "visible": true,
        "instances": 21,
        "depthWrite": false
      },
      "laserColor": "#e4f3ff",
      "hostile": "#ff426f"
    },
    {
      "width": 1440,
      "height": 900,
      "uiScale": 1.5,
      "quality": "low",
      "glow": "cyan",
      "selected": "#20dfff",
      "body": "#20dfff",
      "head": "#20dfff",
      "ports": "#20dfff",
      "marker": "#20dfff",
      "previewHead": "#20dfff",
      "halo": {
        "visible": true,
        "instances": 21,
        "depthWrite": false
      },
      "laserColor": "#20dfff",
      "hostile": "#ff426f"
    },
    {
      "width": 1440,
      "height": 900,
      "uiScale": 1.5,
      "quality": "low",
      "glow": "electric-blue",
      "selected": "#2864ff",
      "body": "#2864ff",
      "head": "#2864ff",
      "ports": "#2864ff",
      "marker": "#2864ff",
      "previewHead": "#2864ff",
      "halo": {
        "visible": true,
        "instances": 21,
        "depthWrite": false
      },
      "laserColor": "#2864ff",
      "hostile": "#ff426f"
    },
    {
      "width": 1440,
      "height": 900,
      "uiScale": 1.5,
      "quality": "low",
      "glow": "violet",
      "selected": "#982dff",
      "body": "#982dff",
      "head": "#982dff",
      "ports": "#982dff",
      "marker": "#982dff",
      "previewHead": "#982dff",
      "halo": {
        "visible": true,
        "instances": 21,
        "depthWrite": false
      },
      "laserColor": "#982dff",
      "hostile": "#ff426f"
    },
    {
      "width": 1440,
      "height": 900,
      "uiScale": 1.5,
      "quality": "low",
      "glow": "magenta",
      "selected": "#ff20d7",
      "body": "#ff20d7",
      "head": "#ff20d7",
      "ports": "#ff20d7",
      "marker": "#ff20d7",
      "previewHead": "#ff20d7",
      "halo": {
        "visible": true,
        "instances": 21,
        "depthWrite": false
      },
      "laserColor": "#ff20d7",
      "hostile": "#ff426f"
    },
    {
      "width": 1440,
      "height": 900,
      "uiScale": 1.5,
      "quality": "low",
      "glow": "mint",
      "selected": "#58ffb6",
      "body": "#58ffb6",
      "head": "#58ffb6",
      "ports": "#58ffb6",
      "marker": "#58ffb6",
      "previewHead": "#58ffb6",
      "halo": {
        "visible": true,
        "instances": 21,
        "depthWrite": false
      },
      "laserColor": "#58ffb6",
      "hostile": "#ff426f"
    },
    {
      "width": 1440,
      "height": 900,
      "uiScale": 1.5,
      "quality": "low",
      "glow": "teal",
      "selected": "#00dca6",
      "body": "#00dca6",
      "head": "#00dca6",
      "ports": "#00dca6",
      "marker": "#00dca6",
      "previewHead": "#00dca6",
      "halo": {
        "visible": true,
        "instances": 21,
        "depthWrite": false
      },
      "laserColor": "#00dca6",
      "hostile": "#ff426f"
    },
    {
      "width": 1440,
      "height": 900,
      "uiScale": 1.5,
      "quality": "low",
      "glow": "gold",
      "selected": "#ffba24",
      "body": "#ffba24",
      "head": "#ffba24",
      "ports": "#ffba24",
      "marker": "#ffba24",
      "previewHead": "#ffba24",
      "halo": {
        "visible": true,
        "instances": 21,
        "depthWrite": false
      },
      "laserColor": "#ffba24",
      "hostile": "#ff426f"
    },
    {
      "width": 1440,
      "height": 900,
      "uiScale": 1.5,
      "quality": "low",
      "glow": "pearl",
      "selected": "#e4f3ff",
      "body": "#e4f3ff",
      "head": "#e4f3ff",
      "ports": "#e4f3ff",
      "marker": "#e4f3ff",
      "previewHead": "#e4f3ff",
      "halo": {
        "visible": true,
        "instances": 21,
        "depthWrite": false
      },
      "laserColor": "#e4f3ff",
      "hostile": "#ff426f"
    },
    {
      "width": 1440,
      "height": 900,
      "uiScale": 1.5,
      "quality": "medium",
      "glow": "cyan",
      "selected": "#20dfff",
      "body": "#20dfff",
      "head": "#20dfff",
      "ports": "#20dfff",
      "marker": "#20dfff",
      "previewHead": "#20dfff",
      "halo": {
        "visible": true,
        "instances": 21,
        "depthWrite": false
      },
      "laserColor": "#20dfff",
      "hostile": "#ff426f"
    },
    {
      "width": 1440,
      "height": 900,
      "uiScale": 1.5,
      "quality": "medium",
      "glow": "electric-blue",
      "selected": "#2864ff",
      "body": "#2864ff",
      "head": "#2864ff",
      "ports": "#2864ff",
      "marker": "#2864ff",
      "previewHead": "#2864ff",
      "halo": {
        "visible": true,
        "instances": 21,
        "depthWrite": false
      },
      "laserColor": "#2864ff",
      "hostile": "#ff426f"
    },
    {
      "width": 1440,
      "height": 900,
      "uiScale": 1.5,
      "quality": "medium",
      "glow": "violet",
      "selected": "#982dff",
      "body": "#982dff",
      "head": "#982dff",
      "ports": "#982dff",
      "marker": "#982dff",
      "previewHead": "#982dff",
      "halo": {
        "visible": true,
        "instances": 21,
        "depthWrite": false
      },
      "laserColor": "#982dff",
      "hostile": "#ff426f"
    },
    {
      "width": 1440,
      "height": 900,
      "uiScale": 1.5,
      "quality": "medium",
      "glow": "magenta",
      "selected": "#ff20d7",
      "body": "#ff20d7",
      "head": "#ff20d7",
      "ports": "#ff20d7",
      "marker": "#ff20d7",
      "previewHead": "#ff20d7",
      "halo": {
        "visible": true,
        "instances": 21,
        "depthWrite": false
      },
      "laserColor": "#ff20d7",
      "hostile": "#ff426f"
    },
    {
      "width": 1440,
      "height": 900,
      "uiScale": 1.5,
      "quality": "medium",
      "glow": "mint",
      "selected": "#58ffb6",
      "body": "#58ffb6",
      "head": "#58ffb6",
      "ports": "#58ffb6",
      "marker": "#58ffb6",
      "previewHead": "#58ffb6",
      "halo": {
        "visible": true,
        "instances": 21,
        "depthWrite": false
      },
      "laserColor": "#58ffb6",
      "hostile": "#ff426f"
    },
    {
      "width": 1440,
      "height": 900,
      "uiScale": 1.5,
      "quality": "medium",
      "glow": "teal",
      "selected": "#00dca6",
      "body": "#00dca6",
      "head": "#00dca6",
      "ports": "#00dca6",
      "marker": "#00dca6",
      "previewHead": "#00dca6",
      "halo": {
        "visible": true,
        "instances": 21,
        "depthWrite": false
      },
      "laserColor": "#00dca6",
      "hostile": "#ff426f"
    },
    {
      "width": 1440,
      "height": 900,
      "uiScale": 1.5,
      "quality": "medium",
      "glow": "gold",
      "selected": "#ffba24",
      "body": "#ffba24",
      "head": "#ffba24",
      "ports": "#ffba24",
      "marker": "#ffba24",
      "previewHead": "#ffba24",
      "halo": {
        "visible": true,
        "instances": 21,
        "depthWrite": false
      },
      "laserColor": "#ffba24",
      "hostile": "#ff426f"
    },
    {
      "width": 1440,
      "height": 900,
      "uiScale": 1.5,
      "quality": "medium",
      "glow": "pearl",
      "selected": "#e4f3ff",
      "body": "#e4f3ff",
      "head": "#e4f3ff",
      "ports": "#e4f3ff",
      "marker": "#e4f3ff",
      "previewHead": "#e4f3ff",
      "halo": {
        "visible": true,
        "instances": 21,
        "depthWrite": false
      },
      "laserColor": "#e4f3ff",
      "hostile": "#ff426f"
    },
    {
      "width": 1680,
      "height": 720,
      "uiScale": 0.8,
      "quality": "low",
      "glow": "cyan",
      "selected": "#20dfff",
      "body": "#20dfff",
      "head": "#20dfff",
      "ports": "#20dfff",
      "marker": "#20dfff",
      "previewHead": "#20dfff",
      "halo": {
        "visible": true,
        "instances": 21,
        "depthWrite": false
      },
      "laserColor": "#20dfff",
      "hostile": "#ff426f"
    },
    {
      "width": 1680,
      "height": 720,
      "uiScale": 0.8,
      "quality": "low",
      "glow": "electric-blue",
      "selected": "#2864ff",
      "body": "#2864ff",
      "head": "#2864ff",
      "ports": "#2864ff",
      "marker": "#2864ff",
      "previewHead": "#2864ff",
      "halo": {
        "visible": true,
        "instances": 21,
        "depthWrite": false
      },
      "laserColor": "#2864ff",
      "hostile": "#ff426f"
    },
    {
      "width": 1680,
      "height": 720,
      "uiScale": 0.8,
      "quality": "low",
      "glow": "violet",
      "selected": "#982dff",
      "body": "#982dff",
      "head": "#982dff",
      "ports": "#982dff",
      "marker": "#982dff",
      "previewHead": "#982dff",
      "halo": {
        "visible": true,
        "instances": 21,
        "depthWrite": false
      },
      "laserColor": "#982dff",
      "hostile": "#ff426f"
    },
    {
      "width": 1680,
      "height": 720,
      "uiScale": 0.8,
      "quality": "low",
      "glow": "magenta",
      "selected": "#ff20d7",
      "body": "#ff20d7",
      "head": "#ff20d7",
      "ports": "#ff20d7",
      "marker": "#ff20d7",
      "previewHead": "#ff20d7",
      "halo": {
        "visible": true,
        "instances": 21,
        "depthWrite": false
      },
      "laserColor": "#ff20d7",
      "hostile": "#ff426f"
    },
    {
      "width": 1680,
      "height": 720,
      "uiScale": 0.8,
      "quality": "low",
      "glow": "mint",
      "selected": "#58ffb6",
      "body": "#58ffb6",
      "head": "#58ffb6",
      "ports": "#58ffb6",
      "marker": "#58ffb6",
      "previewHead": "#58ffb6",
      "halo": {
        "visible": true,
        "instances": 21,
        "depthWrite": false
      },
      "laserColor": "#58ffb6",
      "hostile": "#ff426f"
    },
    {
      "width": 1680,
      "height": 720,
      "uiScale": 0.8,
      "quality": "low",
      "glow": "teal",
      "selected": "#00dca6",
      "body": "#00dca6",
      "head": "#00dca6",
      "ports": "#00dca6",
      "marker": "#00dca6",
      "previewHead": "#00dca6",
      "halo": {
        "visible": true,
        "instances": 21,
        "depthWrite": false
      },
      "laserColor": "#00dca6",
      "hostile": "#ff426f"
    },
    {
      "width": 1680,
      "height": 720,
      "uiScale": 0.8,
      "quality": "low",
      "glow": "gold",
      "selected": "#ffba24",
      "body": "#ffba24",
      "head": "#ffba24",
      "ports": "#ffba24",
      "marker": "#ffba24",
      "previewHead": "#ffba24",
      "halo": {
        "visible": true,
        "instances": 21,
        "depthWrite": false
      },
      "laserColor": "#ffba24",
      "hostile": "#ff426f"
    },
    {
      "width": 1680,
      "height": 720,
      "uiScale": 0.8,
      "quality": "low",
      "glow": "pearl",
      "selected": "#e4f3ff",
      "body": "#e4f3ff",
      "head": "#e4f3ff",
      "ports": "#e4f3ff",
      "marker": "#e4f3ff",
      "previewHead": "#e4f3ff",
      "halo": {
        "visible": true,
        "instances": 21,
        "depthWrite": false
      },
      "laserColor": "#e4f3ff",
      "hostile": "#ff426f"
    },
    {
      "width": 1680,
      "height": 720,
      "uiScale": 0.8,
      "quality": "medium",
      "glow": "cyan",
      "selected": "#20dfff",
      "body": "#20dfff",
      "head": "#20dfff",
      "ports": "#20dfff",
      "marker": "#20dfff",
      "previewHead": "#20dfff",
      "halo": {
        "visible": true,
        "instances": 21,
        "depthWrite": false
      },
      "laserColor": "#20dfff",
      "hostile": "#ff426f"
    },
    {
      "width": 1680,
      "height": 720,
      "uiScale": 0.8,
      "quality": "medium",
      "glow": "electric-blue",
      "selected": "#2864ff",
      "body": "#2864ff",
      "head": "#2864ff",
      "ports": "#2864ff",
      "marker": "#2864ff",
      "previewHead": "#2864ff",
      "halo": {
        "visible": true,
        "instances": 21,
        "depthWrite": false
      },
      "laserColor": "#2864ff",
      "hostile": "#ff426f"
    },
    {
      "width": 1680,
      "height": 720,
      "uiScale": 0.8,
      "quality": "medium",
      "glow": "violet",
      "selected": "#982dff",
      "body": "#982dff",
      "head": "#982dff",
      "ports": "#982dff",
      "marker": "#982dff",
      "previewHead": "#982dff",
      "halo": {
        "visible": true,
        "instances": 21,
        "depthWrite": false
      },
      "laserColor": "#982dff",
      "hostile": "#ff426f"
    },
    {
      "width": 1680,
      "height": 720,
      "uiScale": 0.8,
      "quality": "medium",
      "glow": "magenta",
      "selected": "#ff20d7",
      "body": "#ff20d7",
      "head": "#ff20d7",
      "ports": "#ff20d7",
      "marker": "#ff20d7",
      "previewHead": "#ff20d7",
      "halo": {
        "visible": true,
        "instances": 21,
        "depthWrite": false
      },
      "laserColor": "#ff20d7",
      "hostile": "#ff426f"
    },
    {
      "width": 1680,
      "height": 720,
      "uiScale": 0.8,
      "quality": "medium",
      "glow": "mint",
      "selected": "#58ffb6",
      "body": "#58ffb6",
      "head": "#58ffb6",
      "ports": "#58ffb6",
      "marker": "#58ffb6",
      "previewHead": "#58ffb6",
      "halo": {
        "visible": true,
        "instances": 21,
        "depthWrite": false
      },
      "laserColor": "#58ffb6",
      "hostile": "#ff426f"
    },
    {
      "width": 1680,
      "height": 720,
      "uiScale": 0.8,
      "quality": "medium",
      "glow": "teal",
      "selected": "#00dca6",
      "body": "#00dca6",
      "head": "#00dca6",
      "ports": "#00dca6",
      "marker": "#00dca6",
      "previewHead": "#00dca6",
      "halo": {
        "visible": true,
        "instances": 21,
        "depthWrite": false
      },
      "laserColor": "#00dca6",
      "hostile": "#ff426f"
    },
    {
      "width": 1680,
      "height": 720,
      "uiScale": 0.8,
      "quality": "medium",
      "glow": "gold",
      "selected": "#ffba24",
      "body": "#ffba24",
      "head": "#ffba24",
      "ports": "#ffba24",
      "marker": "#ffba24",
      "previewHead": "#ffba24",
      "halo": {
        "visible": true,
        "instances": 21,
        "depthWrite": false
      },
      "laserColor": "#ffba24",
      "hostile": "#ff426f"
    },
    {
      "width": 1680,
      "height": 720,
      "uiScale": 0.8,
      "quality": "medium",
      "glow": "pearl",
      "selected": "#e4f3ff",
      "body": "#e4f3ff",
      "head": "#e4f3ff",
      "ports": "#e4f3ff",
      "marker": "#e4f3ff",
      "previewHead": "#e4f3ff",
      "halo": {
        "visible": true,
        "instances": 21,
        "depthWrite": false
      },
      "laserColor": "#e4f3ff",
      "hostile": "#ff426f"
    },
    {
      "width": 1680,
      "height": 720,
      "uiScale": 1.5,
      "quality": "low",
      "glow": "cyan",
      "selected": "#20dfff",
      "body": "#20dfff",
      "head": "#20dfff",
      "ports": "#20dfff",
      "marker": "#20dfff",
      "previewHead": "#20dfff",
      "halo": {
        "visible": true,
        "instances": 21,
        "depthWrite": false
      },
      "laserColor": "#20dfff",
      "hostile": "#ff426f"
    },
    {
      "width": 1680,
      "height": 720,
      "uiScale": 1.5,
      "quality": "low",
      "glow": "electric-blue",
      "selected": "#2864ff",
      "body": "#2864ff",
      "head": "#2864ff",
      "ports": "#2864ff",
      "marker": "#2864ff",
      "previewHead": "#2864ff",
      "halo": {
        "visible": true,
        "instances": 21,
        "depthWrite": false
      },
      "laserColor": "#2864ff",
      "hostile": "#ff426f"
    },
    {
      "width": 1680,
      "height": 720,
      "uiScale": 1.5,
      "quality": "low",
      "glow": "violet",
      "selected": "#982dff",
      "body": "#982dff",
      "head": "#982dff",
      "ports": "#982dff",
      "marker": "#982dff",
      "previewHead": "#982dff",
      "halo": {
        "visible": true,
        "instances": 21,
        "depthWrite": false
      },
      "laserColor": "#982dff",
      "hostile": "#ff426f"
    },
    {
      "width": 1680,
      "height": 720,
      "uiScale": 1.5,
      "quality": "low",
      "glow": "magenta",
      "selected": "#ff20d7",
      "body": "#ff20d7",
      "head": "#ff20d7",
      "ports": "#ff20d7",
      "marker": "#ff20d7",
      "previewHead": "#ff20d7",
      "halo": {
        "visible": true,
        "instances": 21,
        "depthWrite": false
      },
      "laserColor": "#ff20d7",
      "hostile": "#ff426f"
    },
    {
      "width": 1680,
      "height": 720,
      "uiScale": 1.5,
      "quality": "low",
      "glow": "mint",
      "selected": "#58ffb6",
      "body": "#58ffb6",
      "head": "#58ffb6",
      "ports": "#58ffb6",
      "marker": "#58ffb6",
      "previewHead": "#58ffb6",
      "halo": {
        "visible": true,
        "instances": 21,
        "depthWrite": false
      },
      "laserColor": "#58ffb6",
      "hostile": "#ff426f"
    },
    {
      "width": 1680,
      "height": 720,
      "uiScale": 1.5,
      "quality": "low",
      "glow": "teal",
      "selected": "#00dca6",
      "body": "#00dca6",
      "head": "#00dca6",
      "ports": "#00dca6",
      "marker": "#00dca6",
      "previewHead": "#00dca6",
      "halo": {
        "visible": true,
        "instances": 21,
        "depthWrite": false
      },
      "laserColor": "#00dca6",
      "hostile": "#ff426f"
    },
    {
      "width": 1680,
      "height": 720,
      "uiScale": 1.5,
      "quality": "low",
      "glow": "gold",
      "selected": "#ffba24",
      "body": "#ffba24",
      "head": "#ffba24",
      "ports": "#ffba24",
      "marker": "#ffba24",
      "previewHead": "#ffba24",
      "halo": {
        "visible": true,
        "instances": 21,
        "depthWrite": false
      },
      "laserColor": "#ffba24",
      "hostile": "#ff426f"
    },
    {
      "width": 1680,
      "height": 720,
      "uiScale": 1.5,
      "quality": "low",
      "glow": "pearl",
      "selected": "#e4f3ff",
      "body": "#e4f3ff",
      "head": "#e4f3ff",
      "ports": "#e4f3ff",
      "marker": "#e4f3ff",
      "previewHead": "#e4f3ff",
      "halo": {
        "visible": true,
        "instances": 21,
        "depthWrite": false
      },
      "laserColor": "#e4f3ff",
      "hostile": "#ff426f"
    },
    {
      "width": 1680,
      "height": 720,
      "uiScale": 1.5,
      "quality": "medium",
      "glow": "cyan",
      "selected": "#20dfff",
      "body": "#20dfff",
      "head": "#20dfff",
      "ports": "#20dfff",
      "marker": "#20dfff",
      "previewHead": "#20dfff",
      "halo": {
        "visible": true,
        "instances": 21,
        "depthWrite": false
      },
      "laserColor": "#20dfff",
      "hostile": "#ff426f"
    },
    {
      "width": 1680,
      "height": 720,
      "uiScale": 1.5,
      "quality": "medium",
      "glow": "electric-blue",
      "selected": "#2864ff",
      "body": "#2864ff",
      "head": "#2864ff",
      "ports": "#2864ff",
      "marker": "#2864ff",
      "previewHead": "#2864ff",
      "halo": {
        "visible": true,
        "instances": 21,
        "depthWrite": false
      },
      "laserColor": "#2864ff",
      "hostile": "#ff426f"
    },
    {
      "width": 1680,
      "height": 720,
      "uiScale": 1.5,
      "quality": "medium",
      "glow": "violet",
      "selected": "#982dff",
      "body": "#982dff",
      "head": "#982dff",
      "ports": "#982dff",
      "marker": "#982dff",
      "previewHead": "#982dff",
      "halo": {
        "visible": true,
        "instances": 21,
        "depthWrite": false
      },
      "laserColor": "#982dff",
      "hostile": "#ff426f"
    },
    {
      "width": 1680,
      "height": 720,
      "uiScale": 1.5,
      "quality": "medium",
      "glow": "magenta",
      "selected": "#ff20d7",
      "body": "#ff20d7",
      "head": "#ff20d7",
      "ports": "#ff20d7",
      "marker": "#ff20d7",
      "previewHead": "#ff20d7",
      "halo": {
        "visible": true,
        "instances": 21,
        "depthWrite": false
      },
      "laserColor": "#ff20d7",
      "hostile": "#ff426f"
    },
    {
      "width": 1680,
      "height": 720,
      "uiScale": 1.5,
      "quality": "medium",
      "glow": "mint",
      "selected": "#58ffb6",
      "body": "#58ffb6",
      "head": "#58ffb6",
      "ports": "#58ffb6",
      "marker": "#58ffb6",
      "previewHead": "#58ffb6",
      "halo": {
        "visible": true,
        "instances": 21,
        "depthWrite": false
      },
      "laserColor": "#58ffb6",
      "hostile": "#ff426f"
    },
    {
      "width": 1680,
      "height": 720,
      "uiScale": 1.5,
      "quality": "medium",
      "glow": "teal",
      "selected": "#00dca6",
      "body": "#00dca6",
      "head": "#00dca6",
      "ports": "#00dca6",
      "marker": "#00dca6",
      "previewHead": "#00dca6",
      "halo": {
        "visible": true,
        "instances": 21,
        "depthWrite": false
      },
      "laserColor": "#00dca6",
      "hostile": "#ff426f"
    },
    {
      "width": 1680,
      "height": 720,
      "uiScale": 1.5,
      "quality": "medium",
      "glow": "gold",
      "selected": "#ffba24",
      "body": "#ffba24",
      "head": "#ffba24",
      "ports": "#ffba24",
      "marker": "#ffba24",
      "previewHead": "#ffba24",
      "halo": {
        "visible": true,
        "instances": 21,
        "depthWrite": false
      },
      "laserColor": "#ffba24",
      "hostile": "#ff426f"
    },
    {
      "width": 1680,
      "height": 720,
      "uiScale": 1.5,
      "quality": "medium",
      "glow": "pearl",
      "selected": "#e4f3ff",
      "body": "#e4f3ff",
      "head": "#e4f3ff",
      "ports": "#e4f3ff",
      "marker": "#e4f3ff",
      "previewHead": "#e4f3ff",
      "halo": {
        "visible": true,
        "instances": 21,
        "depthWrite": false
      },
      "laserColor": "#e4f3ff",
      "hostile": "#ff426f"
    }
  ],
  "sixBuffs": {
    "viewport": [
      1280,
      720
    ],
    "uiScale": 1.5,
    "panels": [
      {
        "selector": ".hud-objective",
        "left": 28.15625,
        "right": 463.15625,
        "top": 20.15625,
        "bottom": 209.15625,
        "width": 435,
        "height": 189
      },
      {
        "selector": ".hud-score",
        "left": 884.34375,
        "right": 1251.84375,
        "top": 20.15625,
        "bottom": 139.75,
        "width": 367.5,
        "height": 119.59375
      },
      {
        "selector": ".hud-resources",
        "left": 28.15625,
        "right": 478.15625,
        "top": 339.203125,
        "bottom": 655.203125,
        "width": 450,
        "height": 316
      },
      {
        "selector": ".hud-tactics",
        "left": 801.84375,
        "right": 1251.84375,
        "top": 456.53125,
        "bottom": 655.203125,
        "width": 450,
        "height": 198.671875
      }
    ],
    "overlapping": [],
    "resources": {
      "left": 28.15625,
      "right": 478.15625,
      "top": 339.203125,
      "bottom": 655.203125,
      "width": 450,
      "height": 316
    },
    "bonuses": [
      {
        "name": "Overdrive",
        "duration": "8s",
        "fontSize": 20.2275,
        "rect": {
          "left": 46.15625,
          "right": 248.15625,
          "top": 507.203125,
          "bottom": 547.203125,
          "width": 202,
          "height": 40
        },
        "durationRect": {
          "left": 226.328125,
          "right": 248.15625,
          "top": 514.203125,
          "bottom": 540.203125,
          "width": 21.828125,
          "height": 26
        },
        "description": "Half boost drain",
        "accessible": "Overdrive: Half boost drain, 8 seconds remaining",
        "title": "Overdrive: Half boost drain",
        "clipped": false,
        "nameFont": 16.275
      },
      {
        "name": "Shield",
        "duration": "12s",
        "fontSize": 20.2275,
        "rect": {
          "left": 258.15625,
          "right": 460.15625,
          "top": 507.203125,
          "bottom": 547.203125,
          "width": 202,
          "height": 40
        },
        "durationRect": {
          "left": 432.5625,
          "right": 460.15625,
          "top": 514.203125,
          "bottom": 540.203125,
          "width": 27.59375,
          "height": 26
        },
        "description": "Absorbs one attack",
        "accessible": "Shield: Absorbs one attack, 12 seconds remaining",
        "title": "Shield: Absorbs one attack",
        "clipped": false,
        "nameFont": 16.275
      },
      {
        "name": "Score Surge",
        "duration": "15s",
        "fontSize": 20.2275,
        "rect": {
          "left": 46.15625,
          "right": 248.15625,
          "top": 555.203125,
          "bottom": 595.203125,
          "width": 202,
          "height": 40
        },
        "durationRect": {
          "left": 220.296875,
          "right": 248.15625,
          "top": 562.203125,
          "bottom": 588.203125,
          "width": 27.859375,
          "height": 26
        },
        "description": "Core / rival points ×2",
        "accessible": "Score Surge: Core / rival points ×2, 15 seconds remaining",
        "title": "Score Surge: Core / rival points ×2",
        "clipped": false,
        "nameFont": 16.275
      },
      {
        "name": "Magnet",
        "duration": "10s",
        "fontSize": 20.2275,
        "rect": {
          "left": 258.15625,
          "right": 460.15625,
          "top": 555.203125,
          "bottom": 595.203125,
          "width": 202,
          "height": 40
        },
        "durationRect": {
          "left": 431.703125,
          "right": 460.15625,
          "top": 562.203125,
          "bottom": 588.203125,
          "width": 28.453125,
          "height": 26
        },
        "description": "Nearby core attraction",
        "accessible": "Magnet: Nearby core attraction, 10 seconds remaining",
        "title": "Magnet: Nearby core attraction",
        "clipped": false,
        "nameFont": 16.275
      },
      {
        "name": "Bullet Scrubber",
        "duration": "8s",
        "fontSize": 20.2275,
        "rect": {
          "left": 46.15625,
          "right": 248.15625,
          "top": 603.203125,
          "bottom": 643.203125,
          "width": 202,
          "height": 40
        },
        "durationRect": {
          "left": 226.328125,
          "right": 248.15625,
          "top": 610.203125,
          "bottom": 636.203125,
          "width": 21.828125,
          "height": 26
        },
        "description": "Auto bullet purge armed",
        "accessible": "Bullet Scrubber: Auto bullet purge armed, 8 seconds remaining",
        "title": "Bullet Scrubber: Auto bullet purge armed",
        "clipped": false,
        "nameFont": 16.275
      },
      {
        "name": "Chain Buffer",
        "duration": "10s",
        "fontSize": 20.2275,
        "rect": {
          "left": 258.15625,
          "right": 460.15625,
          "top": 603.203125,
          "bottom": 643.203125,
          "width": 202,
          "height": 40
        },
        "durationRect": {
          "left": 431.703125,
          "right": 460.15625,
          "top": 610.203125,
          "bottom": 636.203125,
          "width": 28.453125,
          "height": 26
        },
        "description": "One combo extension armed",
        "accessible": "Chain Buffer: One combo extension armed, 10 seconds remaining",
        "title": "Chain Buffer: One combo extension armed",
        "clipped": false,
        "nameFont": 16.275
      }
    ],
    "camera": {
      "blocked": [],
      "bounds": {
        "left": 496.11024469984477,
        "right": 911.8897553001552,
        "top": 160.22398887712583,
        "bottom": 405.3702999431085
      },
      "safe": {
        "top": 209.15625,
        "bottom": 339.203125
      },
      "distance": 90.9588620065771,
      "floor": [
        36,
        26
      ]
    }
  },
  "laserBoss": {
    "noPad": true,
    "spheres": [
      "SphereGeometry",
      "SphereGeometry",
      "SphereGeometry"
    ],
    "exposedDuringWarning": true,
    "rays": 3,
    "warningSegments": [
      84,
      80,
      84
    ],
    "rendererPure": true,
    "laser": "982dff",
    "haloDraws": 1
  },
  "identities": [
    {
      "kind": "overdrive",
      "name": "Overdrive"
    },
    {
      "kind": "shield",
      "name": "Shield"
    },
    {
      "kind": "surge",
      "name": "Score Surge"
    },
    {
      "kind": "emp",
      "name": "EMP Pulse"
    },
    {
      "kind": "magnet",
      "name": "Magnet"
    },
    {
      "kind": "repair",
      "name": "Repair"
    },
    {
      "kind": "decoy",
      "name": "Decoy"
    },
    {
      "kind": "splice",
      "name": "Tail Splice"
    },
    {
      "kind": "blaster",
      "name": "Pulse Blaster"
    },
    {
      "kind": "capacitor",
      "name": "Capacitor"
    },
    {
      "kind": "scrubber",
      "name": "Bullet Scrubber"
    },
    {
      "kind": "chain-buffer",
      "name": "Chain Buffer"
    }
  ],
  "boss": {
    "rows": [
      {
        "stage": "collecting-relays",
        "pad": "inactive",
        "next": [
          "relay:relay-1"
        ],
        "nodes": 3,
        "receptor": false
      },
      {
        "stage": "collecting-relays",
        "pad": "inactive",
        "next": [
          "relay:relay-2"
        ],
        "nodes": 3,
        "receptor": false
      },
      {
        "stage": "charge-ready",
        "pad": "waiting",
        "next": [],
        "nodes": 3,
        "receptor": false
      },
      {
        "stage": "exposed",
        "pad": "ready",
        "next": [],
        "nodes": 3,
        "receptor": true
      }
    ],
    "effects": {
      "beam": true,
      "radius": 3,
      "freeze": true,
      "destroyedDroneRemoved": true,
      "playerBolt": true
    }
  },
  "preview": {
    "sameCanvas": true,
    "count": 1,
    "previewVisible": true,
    "gameplayHidden": true,
    "unchanged": true,
    "swatches": 8
  },
  "restored": {
    "previewHidden": true,
    "playerVisible": true,
    "body": "20dfff",
    "head": "20dfff"
  },
  "legacy": {
    "floor": [
      32,
      24
    ],
    "gate": -12,
    "obstacles": "[{\"x\":-6,\"z\":0,\"width\":3,\"depth\":4,\"kind\":\"machinery\"},{\"x\":6,\"z\":0,\"width\":3,\"depth\":4,\"kind\":\"machinery\"},{\"x\":-3.75,\"z\":-4.8,\"width\":0.26,\"depth\":0.35,\"kind\":\"emitter\"},{\"x\":3.75,\"z\":-4.8,\"width\":0.26,\"depth\":0.35,\"kind\":\"emitter\"}]"
  },
  "captures": [
    "/tmp/snake-arcade-render-final/wave-1280x720-ui150.png",
    "/tmp/snake-arcade-render-final/boss-1280x720-ui150.png",
    "/tmp/snake-arcade-render-final/boss-1680x720-ui80.png",
    "/tmp/snake-arcade-render-final/glow-contact-sheet-1280-ui150.png",
    "/tmp/snake-arcade-render-final/six-buffs-1280x720-ui150.png",
    "/tmp/snake-arcade-render-final/twelve-pickups-1280.png",
    "/tmp/snake-arcade-render-final/warden-energy-1280.png",
    "/tmp/snake-arcade-render-final/warden-laser-volley-1280.png",
    "/tmp/snake-arcade-render-final/customize-gold-1280.png",
    "/tmp/snake-arcade-render-final/customize-head-1280.png"
  ],
  "errors": [],
  "limitation": "Frozen, explicitly arranged fixture using actual HUD, customization and renderer. State checks are not campaign completion, collision/balance validation, physical Xbox acceptance, owner visual approval, listening review or a full-machine performance benchmark."
}
